[www.transitionsfvs.org/index.html]
[backblue.gif]
[fade.gif]
[index.html]
[assets.squarespace.com/universal/default-favicon.ico]
[images.squarespace-cdn.com/content/5a5481e818b27dc35ee7fe27/1516652735964-5I2DL6WWRAC66CXAFF7L/imageedit_1_87989183705d45.png]
[assets.squarespace.com/@sqs/polyfiller/1.2.2/legacy.js]
[assets.squarespace.com/@sqs/polyfiller/1.2.2/modern.js]
[assets.squarespace.com/universal/scripts-compressed/extract-css-runtime-7f44813b1a3679299cc2a-min.en-US.js]
[assets.squarespace.com/universal/scripts-compressed/cldr-resource-pack-83b0e6eb9a2c7557ad4c0-min.en-US.js]
[assets.squarespace.com/universal/scripts-compressed/extract-css-moment-js-vendor-98bddc81dc37f44faa7b2-min.en-US.js]
[assets.squarespace.com/universal/scripts-compressed/common-vendors-stable-a30753685e88d3c1847ad-min.en-US.js]
[assets.squarespace.com/universal/scripts-compressed/performance-7532c45b5785b33eab5ea-min.en-US.js]
[www.transitionsfvs.org/home-2a409]
[assets.squarespace.com/universal/scripts-compressed/common-vendors-374f13aa8d70c6f34d066-min.en-US.js]
[assets.squarespace.com/universal/scripts-compressed/common-24cad2b6a504737161e5a-min.en-US.js]
[connect.facebook.net/en_US/fbevents.js]
[images.squarespace-cdn.com/content/v1/5a5481e818b27dc35ee7fe27/1516652735964-5I2DL6WWRAC66CXAFF7L/imageedit_1_879891837026f7.png]
[static1.squarespace.com/static/sitecss/5a5481e818b27dc35ee7fe27/126/55f0aac0e4b0f0a5b7e0b22e/5a5e9e1b53450ae875ec5799/349/site.css]
[www.transitionsfvs.org/search.html]
[www.transitionsfvs.org/programs-1.html]
[www.transitionsfvs.org/impact.html]
[www.transitionsfvs.org/contactus.html]
[www.transitionsfvs.org/mission.html]
[www.transitionsfvs.org/directors.html]
[www.transitionsfvs.org/partners.html]
[www.transitionsfvs.org/volunteer/internships.html]
[www.transitionsfvs.org/donate-3.html]
[www.transitionsfvs.org/supporting-a-survivor.html]
[www.transitionsfvs.org/events.html]
[www.transitionsfvs.org/2022-fast-funky-5k-runwalk.html]
[images.squarespace-cdn.com/content/v1/5a5481e818b27dc35ee7fe27/1516650005641-SWYECQ976INFTXT5XSHA/Woman_staring_out_window.jpg]
[www.transitionsfvs.org/volunteer.23.delayed]
[images.squarespace-cdn.com/content/v1/5a5481e818b27dc35ee7fe27/1665152247661-P9VSLURRK2I32HT80QTO/2022+Hampton+Vigil+(3).png]
[images.squarespace-cdn.com/content/v1/5a5481e818b27dc35ee7fe27/1658439763203-P7VRIJALSOFOU4FPH26V/Fast+&+Funky+2022+5k+Run+Flyer+(1).png]
[images.squarespace-cdn.com/content/v1/5a5481e818b27dc35ee7fe27/1665152280338-36UGCSBSN8EUE4S0N14D/DV+Month+Donation+Drive+Items.png]
[images.squarespace-cdn.com/content/v1/5a5481e818b27dc35ee7fe27/1665152280355-OVODV2EAERGP2OIKX2PS/DV+Month+donation+Site+FINAL.png]
[images.squarespace-cdn.com/content/v1/5a5481e818b27dc35ee7fe27/1632959354090-0N3SUJ993XM2ET1C1HD9/Group+Flyer-page0001.jpg]
[static1.squarespace.com/static/ta/55f0a9b0e4b0f3eb70352f6d/349/scripts/site-bundle.js]
[www.transitionsfvs.org/index.html]
[ajax.googleapis.com/ajax/libs/jquery/2.2.0/jquery.min.js]
[images.squarespace-cdn.com/index.html]
[fonts.googleapis.com/css26b54.css]
[assets.squarespace.com/universal/scripts-compressed/extract-css-runtime-b5ba2d3b7363ca2521c67-min.en-US.js]
[www.transitionsfvs.org/search.html]
[assets.squarespace.com/universal/scripts-compressed/extract-css-runtime-5f216cbdecc0d52421554-min.en-US.js]
[assets.squarespace.com/universal/scripts-compressed/common-vendors-stable-9b2a74c45b27271fd111d-min.en-US.js]
[images.squarespace-cdn.com/content/v1/5a5481e818b27dc35ee7fe27/1665722673991-8ZITLK9AHVNM8HARK3WQ/unsplash-image-4V9Wwn-m3BM.jpg]
[assets.squarespace.com/universal/scripts-compressed/common-vendors-a2c70f2cf6f9b6f5fe645-min.en-US.js]
[images.squarespace-cdn.com/content/v1/5a5481e818b27dc35ee7fe27/1665721562275-3D3NUZ9OON6KU9Q6O9JR/unsplash-image-rgJ1J8SDEAY.jpg]
[assets.squarespace.com/universal/scripts-compressed/common-9ec21d4227029e53988ef-min.en-US.js]
[assets.squarespace.com/universal/scripts-compressed/common-944b6eab69aef4902350b-min.en-US.js]
[images.squarespace-cdn.com/content/v1/5a5481e818b27dc35ee7fe27/1665721344327-SFHUMIXSLOEZ99AKDC4D/unsplash-image-89bQBucvJdw.jpg]
[images.squarespace-cdn.com/content/v1/5a5481e818b27dc35ee7fe27/1665721208299-4VRHVQ265K9X1SD38U1M/unsplash-image-DFtjXYd5Pto.jpg]
[images.squarespace-cdn.com/content/v1/5a5481e818b27dc35ee7fe27/1665720650377-VAOUJKFZBUF6IUPJ8GL4/unsplash-image-veNb0DDegzE.jpg]
[images.squarespace-cdn.com/content/v1/5a5481e818b27dc35ee7fe27/1665719296707-003VSIKCVU115TTMC9FJ/unsplash-image-x-SXHrnVSRI.jpg]
[www.transitionsfvs.org/programs-1.html]
[images.squarespace-cdn.com/content/v1/5a5481e818b27dc35ee7fe27/1665719635253-FWUHYS0TB1P06BVGY3JP/unsplash-image-TZCppMjaOHU.jpg]
[www.transitionsfvs.org/impact.html]
[assets.squarespace.com/universal/scripts-compressed/extract-css-runtime-d41f6cf84139c06bc8ec6-min.en-US.js]
[assets.squarespace.com/universal/scripts-compressed/extract-css-runtime-55a9c8db448610f9499fc-min.en-US.js]
[www.transitionsfvs.org/contactus.html]
[www.transitionsfvs.org/mission.html]
[www.transitionsfvs.org/directors.html]
[assets.squarespace.com/universal/scripts-compressed/extract-css-runtime-b427727925bafe0b53fb1-min.en-US.js]
[images.squarespace-cdn.com/content/v1/5a5481e818b27dc35ee7fe27/1517075153906-4JOJ12UT3GIKOVM4CZMM/unnamed-14.jpg]
[images.squarespace-cdn.com/content/v1/5a5481e818b27dc35ee7fe27/1518224034643-25717SCG5IYJ4ANOINRR/Bernadine.png]
[assets.squarespace.com/universal/scripts-compressed/common-d2ba0c5a13ef3e9671a76-min.en-US.js]
[images.squarespace-cdn.com/content/v1/5a5481e818b27dc35ee7fe27/1518224034694-4EV628V9CIC613WWO7NO/DCJS.png]
[assets.squarespace.com/universal/scripts-compressed/common-70ae22c03c3bcfc2744b0-min.en-US.js]
[images.squarespace-cdn.com/content/v1/5a5481e818b27dc35ee7fe27/1518224034758-L6KQ7RUJ2CEZMTUN4AZY/Gately+Comm..png]
[images.squarespace-cdn.com/content/v1/5a5481e818b27dc35ee7fe27/1518224034820-VBD0JME6RIR1ZMZT6OPC/Hampton.png]
[images.squarespace-cdn.com/content/v1/5a5481e818b27dc35ee7fe27/1518224034910-O8TJS0DSQW807JW9NEFV/Holiday+Fund.png]
[images.squarespace-cdn.com/content/v1/5a5481e818b27dc35ee7fe27/1518224034950-K95DJUZY20J9JQWF4XQJ/HUD.png]
[images.squarespace-cdn.com/content/v1/5a5481e818b27dc35ee7fe27/1518224035019-5C08DSZ6ELRJ877014IS/Langley+FCU.png]
[images.squarespace-cdn.com/content/v1/5a5481e818b27dc35ee7fe27/1518224035058-ANJMBJ9R4DXR3UADMP6S/Langley+Foundation.png]
[images.squarespace-cdn.com/content/v1/5a5481e818b27dc35ee7fe27/1518224035132-UHN21ZBAHLFN3K8JS5WY/Langley.png]
[images.squarespace-cdn.com/content/v1/5a5481e818b27dc35ee7fe27/1518224035149-MCDH0A2C59GQ7TREXWDB/Newport+News.png]
[images.squarespace-cdn.com/content/v1/5a5481e818b27dc35ee7fe27/1518224035227-JAJCAD4Z3FYH05EX8MAZ/Poquoson.png]
[images.squarespace-cdn.com/content/v1/5a5481e818b27dc35ee7fe27/1518224035247-NWWNFHUILTRMIZYJCIIM/United+Way.png]
[images.squarespace-cdn.com/content/v1/5a5481e818b27dc35ee7fe27/1518224035316-BS5ZWD8R6LOFQ5T56KNG/walmart-foundation.png]
[images.squarespace-cdn.com/content/v1/5a5481e818b27dc35ee7fe27/1518224035352-9TXO7GTI92D00QCULIZD/William+Wood.png]
[images.squarespace-cdn.com/content/v1/5a5481e818b27dc35ee7fe27/1518224035411-B03Z8QJ3BNPGNN2N30UQ/York.png]
[www.transitionsfvs.org/partners.html]
[static1.squarespace.com/static/5a5481e818b27dc35ee7fe27/t/62e1535937750b4f2578b29b/1658934106116/Internship+Packet+2020.pdf]
[www.transitionsfvs.org/volunteer/internships.html]
[static1.squarespace.com/static/5a5481e818b27dc35ee7fe27/t/6348c9ee0fc2f80748bc01b0/1665714670813/New Volunteer Packet 2020.doc_; filename_=UTF-8''New+Volunteer+Packet+2020.doc]
[assets.squarespace.com/universal/scripts-compressed/extract-css-runtime-805006b75761f2c236cad-min.en-US.js]
[images.squarespace-cdn.com/content/v1/5a5481e818b27dc35ee7fe27/1539268817336-4F5NKQLER5A7BUKMORNW/20180906_154305.jpg]
[assets.squarespace.com/universal/scripts-compressed/common-a92ce91e34df3432d2e50-min.en-US.js]
[www.paypalobjects.com/en_US/i/btn/btn_donate_LG.gif]
[www.paypal.com/en_US/i/scr/pixel.70.delayed]
[www.paypalobjects.com/en_US/i/scr/pixel.gif]
[images.squarespace-cdn.com/content/v1/5a5481e818b27dc35ee7fe27/1665711458033-CV3C9YTC64NGUPYTS4KN/TFVS+Needs+List.png]
[www.transitionsfvs.org/donate-3.html]
[images.squarespace-cdn.com/content/v1/5a5481e818b27dc35ee7fe27/1665711872934-FRTSZ6Y3UCDZ3FBFIO10/Donation+List+(6+×+6+in).png]
[www.transitionsfvs.org/supporting-a-survivor.html]
[images.squarespace-cdn.com/content/v1/5a5481e818b27dc35ee7fe27/1517011744695-QHCBR11605AVM08JIMLK/unnamed-3.jpg]
[images.squarespace-cdn.com/content/5a5481e818b27dc35ee7fe27/1658440209656-RF9WTCP6C6U6CMW1XQB0/Fast+&+Funky+2022+5k+Run+Flyer+(Facebook+Post)5d45.png]
[assets.squarespace.com/universal/scripts-compressed/extract-css-runtime-45e70bb04659536413781-min.en-US.js]
[assets.squarespace.com/universal/scripts-compressed/common-vendors-bed8d97ee526e6b095bb8-min.en-US.js]
[www.transitionsfvs.org/events/2022/10/22/fast-amp-funky-5k-runwalk.html]
[www.transitionsfvs.org/events/2022/10/22/fast-amp-funky-5k-runwalkd859]
[www.transitionsfvs.org/events/2018/10/29/remember-my-name-2018.html]
[www.transitionsfvs.org/events/2018/10/29/remember-my-name-2018d859]
[www.transitionsfvs.org/events/adoptafamily.html]
[www.transitionsfvs.org/events/adoptafamilyd859]
[www.transitionsfvs.org/events/2018/7/27/5k-runwalk.html]
[www.transitionsfvs.org/events/2018/7/27/5k-runwalkd859]
[www.transitionsfvs.org/events/2018/2/12/womens-support-group-95npj.html]
[www.transitionsfvs.org/events/2018/2/12/womens-support-group-95npjd859]
[www.transitionsfvs.org/events/2018/4/21/casino-night-a-masquerade-ball.html]
[www.transitionsfvs.org/events/2018/4/21/casino-night-a-masquerade-balld859]
[images.squarespace-cdn.com/content/v1/5a5481e818b27dc35ee7fe27/1522439088295-0LISWCXMQKRTDIE1V0F7/Unmasking+Mini+Flyer.png]
[www.transitionsfvs.org/events/2018/2/21/donation-day.html]
[www.transitionsfvs.org/events/2018/2/21/donation-dayd859]
[images.squarespace-cdn.com/content/v1/5a5481e818b27dc35ee7fe27/1522438686788-P259BFSDNQET53YQ4IP6/Screen+Shot+2018-03-30+at+3.27.00+PM.png]
[www.transitionsfvs.org/events/2018/2/12/womens-support-group-9sw96.html]
[www.transitionsfvs.org/events/2018/2/12/womens-support-group-9sw96d859]
[www.transitionsfvs.org/events/2018/2/12/womens-support-group-at2k6.html]
[www.transitionsfvs.org/events/2018/2/12/womens-support-group-at2k6d859]
[www.transitionsfvs.org/events/2018/2/12/womens-support-group.html]
[www.transitionsfvs.org/events.html]
[www.transitionsfvs.org/events/2018/2/12/womens-support-groupd859]
[images.squarespace-cdn.com/content/v1/5a5481e818b27dc35ee7fe27/1658443079957-71W2NC90J8VUOD6QR00H/Fast+&+Funky+2022+5k+Run+Flyer+(1).png]
[www.transitionsfvs.org/2022-fast-funky-5k-runwalk.html]
[www.transitionsfvs.org/volunteer.html]
[static1.squarespace.com/static/5a5481e818b27dc35ee7fe27/t/62d9cda5c79cd2466eccb7c3/1658441125536/2022+5K+Sponsorship+Package_+Final.pdf]
[images.squarespace-cdn.com/content/5a5481e818b27dc35ee7fe27/1e5f80ad-0207-453f-8d69-956b1d0b525d/Fast+&+Funky+2022+5k+Run+Flyer+(Facebook+Post)5d45.png]
[www.transitionsfvs.org/events/2022/10/22/fast-amp-funky-5k-runwalk.html]
[images.squarespace-cdn.com/content/5a5481e818b27dc35ee7fe27/1539286542978-JQAORVP7WF90UCVG45E1/Remember+My+Name+2018ee8a.jpg]
[www.transitionsfvs.org/events/2018/10/29/remember-my-name-2018.html]
[images.squarespace-cdn.com/content/5a5481e818b27dc35ee7fe27/1538769555464-KVMRXGQLC95SAG54DGKE/Adopt-a-Familyee8a.jpg]
[www.transitionsfvs.org/events/Adopt-a-Family.aa.delayed]
[www.transitionsfvs.org/events/adoptafamily.html]
[images.squarespace-cdn.com/content/5a5481e818b27dc35ee7fe27/1532717929865-98VVHQYAWWA88QQIDCJO/5K+RunWalk+2018ee8a.jpg]
[www.transitionsfvs.org/events/2018/7/27/5k-runwalk.html]
[images.squarespace-cdn.com/content/5a5481e818b27dc35ee7fe27/1522437783958-OM6077SZWTEART35L7AN/14183641_1488832829.1848-1ee8a.jpg]
[www.transitionsfvs.org/events/2018/2/12/womens-support-group-95npj.html]
[images.squarespace-cdn.com/content/v1/5a5481e818b27dc35ee7fe27/1522437762217-CLOOR02CDZ3TKO5OICIQ/14183641_1488832829.1848.jpg]
[images.squarespace-cdn.com/content/5a5481e818b27dc35ee7fe27/1520359628628-9QLYXV3TM5MT4E4PLQIX/Unmasking+Mini+Flyer5d45.png]
[www.transitionsfvs.org/events/2018/4/21/casino-night-a-masquerade-ball.html]
[images.squarespace-cdn.com/content/5a5481e818b27dc35ee7fe27/1522438569616-J699O0OR6OBO7EN22Z9B/15_1ee8a.jpg]
[www.transitionsfvs.org/events/2018/2/21/donation-day.html]
[www.transitionsfvs.org/events/2018/2/12/womens-support-group-9sw96.html]
[www.transitionsfvs.org/events/2018/2/12/womens-support-group-at2k6.html]
[www.transitionsfvs.org/events/2018/2/12/womens-support-group.html]
[www.transitionsfvs.org/events/Adopt-a-Family.html]
[use.typekit.net/ik/b806kKlCwB2UBFFg32-lAhaFTAgIhH2mTCx-s_Gar7tfe7t2fFHN4UJLFRbh52jhWDmyFQbtwA9twQyKwRiqjDwuZA9aZc9kFU7nMPG0Za48ZAoadhNqOWF8dcmRjPXhZD8DO1FUiABkZWF3jAF8OcFzdPU1Scm8d1izdhblShm0ZAFyOQZ15Ww0SaBujW]
[www.transitionsfvs.org/home-2a409]
[assets.squarespace.com/universal/images-v6/damask/error-dark.png]
[assets.squarespace.com/universal/images-v6/damask/error-dark@2x.png]
[ajax.googleapis.com/ajax/libs/jquery/2.2.0/jquery.min.js]
[assets.squarespace.com/universal/images-v6/damask/play-button.png]
[assets.squarespace.com/universal/images-v6/damask/play-button@2x.png]
[assets.squarespace.com/universal/images-v6/damask/edit-aviary-light.png]
[www.paypalobjects.com/en_US/i/btn/btn_donate_LG.gif]
[www.paypalobjects.com/en_US/i/scr/pixel.gif]
[assets.squarespace.com/universal/images-v6/damask/edit-aviary-light@2x.png]
[assets.squarespace.com/universal/images-v6/damask/edit-info-light.png]
[www.transitionsfvs.org/events/2022/10/22/fast-amp-funky-5k-runwalkd859]
[assets.squarespace.com/universal/images-v6/damask/edit-info-light@2x.png]
[assets.squarespace.com/universal/images-v6/damask/trash-9-light.png]
[www.transitionsfvs.org/events/2018/10/29/remember-my-name-2018d859]
[www.transitionsfvs.org/events/adoptafamilyd859]
[www.transitionsfvs.org/events/2018/2/12/womens-support-group-95npjd859]
[assets.squarespace.com/universal/images-v6/damask/trash-9-light@2x.png]
[assets.squarespace.com/universal/images-v6/damask/trash-9-red.png]
[www.transitionsfvs.org/events/2018/2/21/donation-dayd859]
[www.transitionsfvs.org/events/2018/4/21/casino-night-a-masquerade-balld859]
[www.transitionsfvs.org/events/2018/2/12/womens-support-group-9sw96d859]
[assets.squarespace.com/universal/images-v6/damask/trash-9-red@2x.png]
[assets.squarespace.com/universal/images-v6/damask/getty-16-light.png]
[www.transitionsfvs.org/events/2018/2/12/womens-support-group-at2k6d859]
[www.transitionsfvs.org/events/2018/2/12/womens-support-groupd859]
[assets.squarespace.com/universal/images-v6/damask/getty-32-light.png]
[assets.squarespace.com/universal/images-v6/damask/edit-info-light@2x.png]
[assets.squarespace.com/universal/images-v6/damask/trash-9-light.png]
[assets.squarespace.com/universal/images-v6/damask/shopping-cart-16-light.png]
[assets.squarespace.com/universal/images-v6/damask/shopping-cart-32-light.png]
[static1.squarespace.com/universal/images-v6/icons/block-indicator-dark.png]
[static1.squarespace.com/universal/images-v6/icons/block-indicator-dark.png]
[static1.squarespace.com/universal/images-v6/icons/block-indicator-dark@2x.png]
[assets.squarespace.com/universal/fonts/squarespace-ui-font.svg]
[static1.squarespace.com/universal/images-v6/icons/opentable-icons.svg]
[static1.squarespace.com/universal/images-v6/icons/opentable-icons.png]
[static1.squarespace.com/universal/images-v6/icons/icon-searchqueries-20-dark.png]
[static1.squarespace.com/universal/images-v6/icons/icon-searchqueries-20-light.png]
[assets.squarespace.com/universal/images-v6/icons/icon-video-24-light-solid.png]
[static1.squarespace.com/universal/images-v6/icons/opentable-icons.png]
[static1.squarespace.com/universal/images-v6/icons/icon-searchqueries-20-dark.png]
[static1.squarespace.com/universal/images-v6/damask/image-inside-64-dark.png]
[static1.squarespace.com/universal/images-v6/damask/image-inside-128-dark.png]
[assets.squarespace.com/universal/images-v6/standard/icon_close_7_light.png]
[assets.squarespace.com/universal/images-v6/icons/icon-settings-16-light.png]
[assets.squarespace.com/universal/fonts/social-20141119/social-icon-font.svg]
[static1.squarespace.com/static/sitecss/5a5481e818b27dc35ee7fe27/126/55f0aac0e4b0f0a5b7e0b22e/5a5e9e1b53450ae875ec5799/349/site.css]
[static1.squarespace.com/universal/images-v6/damask/image-inside-128-dark.png]
[www.transitionsfvs.org/c.f5.delayed]
[www.transitionsfvs.org/b.f6.delayed]
[www.transitionsfvs.org/POST.f7.delayed]
[connect.facebook.net/en_US/fbevents.js]
[www.transitionsfvs.org/assets/ui-icons.svg]
[www.transitionsfvs.org/volunteer.html]
[www.transitionsfvs.org/events/2022/10/22/fast-amp-funky-5k-runwalk.html]
[www.transitionsfvs.org/events/2018/10/29/remember-my-name-2018.html]
[www.transitionsfvs.org/events/adoptafamily.html]
[www.transitionsfvs.org/events/2018/7/27/5k-runwalk.html]
[www.transitionsfvs.org/events/2018/4/21/casino-night-a-masquerade-ball.html]
[www.transitionsfvs.org/events/2018/2/21/donation-day.html]
[www.transitionsfvs.org/events/2018/2/12/womens-support-group-9sw96.html]
[www.transitionsfvs.org/events/2018/2/12/womens-support-group-at2k6.html]
[www.transitionsfvs.org/events/2018/2/12/womens-support-group.html]
[www.transitionsfvs.org/events/Adopt-a-Family.html]
[assets.squarespace.com/universal/fonts/squarespace-ui-font.svg]
[static1.squarespace.com/universal/images-v6/icons/opentable-icons.svg]
[assets.squarespace.com/universal/fonts/social-20141119/social-icon-font.svg]
[www.transitionsfvs.org/c.html]
[www.transitionsfvs.org/b.html]
[www.transitionsfvs.org/POST.html]
